Microchip MPLAB XC8 Compiler V2.31

Linker command line:

-W-3 --edf=C:\Program Files\Microchip\xc8\v2.31\pic\dat\en_msgs.txt -cn \
  -h+dist/default/production\PIC-BLE-AirQuality7.X.production.sym \
  --cmf=dist/default/production\PIC-BLE-AirQuality7.X.production.cmf -z \
  -Q16LF18456 -oC:\Users\RAFIK~1.MIT\AppData\Local\Temp\senc.2 \
  --defsym=__MPLAB_BUILD=1 \
  -Mdist/default/production/PIC-BLE-AirQuality7.X.production.map -E1 \
  -ver=XC8 Compiler --acfsm=1493 -ASTACK=02140h-027EFh -pstack=STACK \
  -ACODE=00h-07FFhx8 -ASTRCODE=00h-03FFFh -ASTRING=00h-0FFhx64 \
  -ACONST=00h-0FFhx64 -AENTRY=00h-0FFhx64 -ACOMMON=070h-07Fh \
  -ABANK0=020h-06Fh -ABANK1=0A0h-0EFh -ABANK2=0120h-016Fh \
  -ABANK3=01A0h-01EFh -ABANK4=0220h-026Fh -ABANK5=02A0h-02EFh \
  -ABANK6=0320h-036Fh -ABANK7=03A0h-03EFh -ABANK8=0420h-046Fh \
  -ABANK9=04A0h-04EFh -ABANK10=0520h-056Fh -ABANK11=05A0h-05EFh \
  -ABANK12=0620h-066Fh -ABANK13=06A0h-06EFh -ABANK14=0720h-076Fh \
  -ABANK15=07A0h-07EFh -ABANK16=0820h-086Fh -ABANK17=08A0h-08EFh \
  -ABANK18=0920h-096Fh -ABANK19=09A0h-09EFh -ABANK20=0A20h-0A6Fh \
  -ABANK21=0AA0h-0AEFh -ABANK22=0B20h-0B6Fh -ABANK23=0BA0h-0BEFh \
  -ABANK24=0C20h-0C6Fh -ABANK25=0CA0h-0CBFh -ABIGRAM=02000h-027EFh \
  -ARAM=020h-06Fh,0A0h-0EFh,0120h-016Fh,01A0h-01EFh,0220h-026Fh,02A0h-02EFh,0320h-036Fh,03A0h-03EFh,0420h-046Fh,04A0h-04EFh,0520h-056Fh,05A0h-05EFh,0620h-066Fh,06A0h-06EFh,0720h-076Fh,07A0h-07EFh,0820h-086Fh,08A0h-08EFh,0920h-096Fh,09A0h-09EFh,0A20h-0A6Fh,0AA0h-0AEFh,0B20h-0B6Fh,0BA0h-0BEFh,0C20h-0C6Fh,0CA0h-0CBFh \
  -AABS1=020h-07Fh,0A0h-0EFh,0120h-016Fh,01A0h-01EFh,0220h-026Fh,02A0h-02EFh,0320h-036Fh,03A0h-03EFh,0420h-046Fh,04A0h-04EFh,0520h-056Fh,05A0h-05EFh,0620h-066Fh,06A0h-06EFh,0720h-076Fh,07A0h-07EFh,0820h-086Fh,08A0h-08EFh,0920h-096Fh,09A0h-09EFh,0A20h-0A6Fh,0AA0h-0AEFh,0B20h-0B6Fh,0BA0h-0BEFh,0C20h-0C6Fh,0CA0h-0CBFh \
  -ASFR0=00h-01Fh -ASFR1=080h-09Fh -ASFR2=0100h-011Fh -ASFR3=0180h-019Fh \
  -ASFR4=0200h-021Fh -ASFR5=0280h-029Fh -ASFR6=0300h-031Fh \
  -ASFR7=0380h-039Fh -ASFR8=0400h-041Fh -ASFR9=0480h-049Fh \
  -ASFR10=0500h-051Fh -ASFR11=0580h-059Fh -ASFR12=0600h-061Fh \
  -ASFR13=0680h-069Fh -ASFR14=0700h-071Fh -ASFR15=0780h-079Fh \
  -ASFR16=0800h-081Fh -ASFR17=0880h-089Fh -ASFR18=0900h-091Fh \
  -ASFR19=0980h-099Fh -ASFR20=0A00h-0A1Fh -ASFR21=0A80h-0A9Fh \
  -ASFR22=0B00h-0B1Fh -ASFR23=0B80h-0B9Fh -ASFR24=0C00h-0C1Fh \
  -ASFR25=0C80h-0C9Fh -ASFR26=0D00h-0D6Fh -ASFR27=0D80h-0DEFh \
  -ASFR28=0E00h-0E6Fh -ASFR29=0E80h-0EEFh -ASFR30=0F00h-0F6Fh \
  -ASFR31=0F80h-0FEFh -ASFR32=01000h-0106Fh -ASFR33=01080h-010EFh \
  -ASFR34=01100h-0116Fh -ASFR35=01180h-011EFh -ASFR36=01200h-0126Fh \
  -ASFR37=01280h-012EFh -ASFR38=01300h-0136Fh -ASFR39=01380h-013EFh \
  -ASFR40=01400h-0146Fh -ASFR41=01480h-014EFh -ASFR42=01500h-0156Fh \
  -ASFR43=01580h-015EFh -ASFR44=01600h-0166Fh -ASFR45=01680h-016EFh \
  -ASFR46=01700h-0176Fh -ASFR47=01780h-017EFh -ASFR48=01800h-0186Fh \
  -ASFR49=01880h-018EFh -ASFR50=01900h-0196Fh -ASFR51=01980h-019EFh \
  -ASFR52=01A00h-01A6Fh -ASFR53=01A80h-01AEFh -ASFR54=01B00h-01B6Fh \
  -ASFR55=01B80h-01BEFh -ASFR56=01C00h-01C6Fh -ASFR57=01C80h-01CEFh \
  -ASFR58=01D00h-01D6Fh -ASFR59=01D80h-01DEFh -ASFR60=01E00h-01E6Fh \
  -ASFR61=01E80h-01EEFh -ASFR62=01F00h-01F6Fh -ASFR63=01F80h-01FEFh \
  -ACONFIG=08007h-0800Bh -DCONFIG=2 -AIDLOC=08000h-08003h -DIDLOC=2 \
  -AEEDATA=00h-0FFh/0F000h -peeprom_data=EEDATA -DEEDATA=2 -DCODE=2 \
  -DSTRCODE=2 -DSTRING=2 -DCONST=2 -DENTRY=2 \
  -preset_vec=00h,intentry,init,end_init -ppowerup=CODE -pcinit=CODE \
  -pfunctab=ENTRY -k C:\Users\RAFIK~1.MIT\AppData\Local\Temp\senc.o \
  dist/default/production\PIC-BLE-AirQuality7.X.production.o 

Object code version is 3.11

Machine type is 16LF18456



                Name                               Link     Load   Length Selector   Space Scale
C:\Users\RAFIK~1.MIT\AppData\Local\Temp\senc.o
                end_init                              2        2        2        0       0
                reset_vec                             0        0        2        0       0
                config                             8007     8007        5        0       4
dist/default/production\PIC-BLE-AirQuality7.X.production.o
                cinit                               7ED      7ED       13      FDA       0
                config                             8007     8007        5        0       4
                text96                              88F      88F      238     111E       0
                text95                             1DD6     1DD6       23     3BAC       0
                text94                              AC7      AC7      257     158E       0
                text93                             1406     1406       AC     280C       0
                text92                             1AEF     1AEF        3     35DE       0
                text91                             1AF2     1AF2        3     35E4       0
                text90                             1AF5     1AF5        3     35EA       0
                text89                             1D17     1D17       1C     3A2E       0
                text88                             1AF8     1AF8        3     35F0       0
                text87                             1AFB     1AFB        3     35F6       0
                text86                             1AFE     1AFE        3     35FC       0
                text85                             1BEE     1BEE       10     37DC       0
                text84                             1E6A     1E6A       2A     3CD4       0
                text83                             1BBA     1BBA        D     3774       0
                text82                             1BFE     1BFE       11     37FC       0
                text81                             1C0F     1C0F       11     381E       0
                text80                             1C20     1C20       11     3840       0
                text79                             1C31     1C31       11     3862       0
                text78                             1C42     1C42       11     3884       0
                text77                             1C9D     1C9D       18     393A       0
                text76                             1C53     1C53       11     38A6       0
                text75                             1C64     1C64       11     38C8       0
                text74                             1C75     1C75       11     38EA       0
                text73                             1CB5     1CB5       18     396A       0
                text72                             1AEB     1AEB        2     35D6       0
                text71                             1AED     1AED        2     35DA       0
                text70                             1B01     1B01        3     3602       0
                text69                             1B07     1B07        4     360E       0
                text68                             1B04     1B04        3     3608       0
                text67                             1B0B     1B0B        4     3616       0
                text66                             1B0F     1B0F        5     361E       0
                text65                             1B46     1B46        6     368C       0
                text64                                4        4        3        0       0
                text63                             1EEF     1EEF       2F     3DDE       0
                text62                             1B14     1B14        5     3628       0
                text61                             1B7F     1B7F        9     36FE       0
                text60                             1B77     1B77        8     36EE       0
                text59                             1122     1122       57     2244       0
                text58                             103B     103B       46     2076       0
                text57                             1B70     1B70        7     36E0       0
                text56                             1B19     1B19        5     3632       0
                text55                             1B1E     1B1E        5     363C       0
                text54                             1B23     1B23        5     3646       0
                text53                             1B28     1B28        5     3650       0
                text52                             1B2D     1B2D        5     365A       0
                text51                             1B32     1B32        5     3664       0
                text50                             1B37     1B37        5     366E       0
                text49                             1B3C     1B3C        5     3678       0
                text48                             1E94     1E94       2D     3D28       0
                text47                             1EC1     1EC1       2E     3D82       0
                text46                             1B4C     1B4C        6     3698       0
                text45                             1BC7     1BC7        D     378E       0
                text44                             1DF9     1DF9       23     3BF2       0
                text43                             1B41     1B41        5     3682       0
                text42                             1BD4     1BD4        D     37A8       0
                text41                             1F87     1F87       3A     3F0E       0
                text40                             1BE1     1BE1        D     37C2       0
                text39                             1000     1000       3B     1A3C       0
                text38                             1360     1360       A6     26C0       0
                text37                             1B52     1B52        6     36A4       0
                text36                             1B58     1B58        6     36B0       0
                text35                             1B5E     1B5E        6     36BC       0
                text34                             1DB4     1DB4       22     3B68       0
                text33                             1B88     1B88        9     3710       0
                text32                             1B91     1B91        A     3722       0
                text31                             1F4F     1F4F       38     3E9E       0
                text30                             1B9B     1B9B        A     3736       0
                text29                              800      800       10      FDA       0
                text28                             1D33     1D33       1F     3A66       0
                text27                             1CCD     1CCD       18     399A       0
                text26                             1D72     1D72       21     3AE4       0
                text25                             14B2     14B2       AF     2964       0
                text24                             122A     122A       5F     2454       0
                text23                             10CF     10CF       53     219E       0
                text22                             164C     164C      1B4     2C98       0
                text21                             1081     1081       4E     2102       0
                text20                                7        7       8B        E       0
                text19                             1BAF     1BAF        B     375E       0
                text18                             1D52     1D52       20     3AA4       0
                text17                             12EC     12EC       74     25D8       0
                text16                              810      810       7F     1020       0
                text15                             1561     1561       EB     2AC2       0
                text14                             1BA5     1BA5        A     374A       0
                text13                             1B64     1B64        6     36C8       0
                text12                             1FC1     1FC1       3F     3F82       0
                text11                             1E41     1E41       29     3C82       0
                text10                             1CFD     1CFD       1A     39FA       0
                text9                              11D1     11D1       59     23A2       0
                text8                              1D93     1D93       21     3B26       0
                text7                              1CE5     1CE5       18     39CA       0
                text6                              1E1C     1E1C       25     3C38       0
                text5                                92       92      75B      124       0
                text4                              1179     1179       58     22F2       0
                text3                               D1E      D1E      2E2     1A3C       0
                text2                              1F1E     1F1E       31     3E3C       0
                text1                              1C86     1C86       17     390C       0
                maintext                           1289     1289       63     2512       0
                cstackBANK0                          20       20       50       20       1
                cstackCOMMON                         70       70        E       70       1
                cstackBANK1                          A0       A0       50       A0       1
                cstackBANK2                         14E      14E        D      120       1
                clrtext                            1B6A     1B6A        6     36D4       0
                bssBANK3                            1A0      1A0       50      1A0       1
                bssBANK2                            120      120       2E      120       1
                stringtext9                        2065     2065        3     4000       0
                stringtext8                        2061     2061        4     4000       0
                stringtext7                        205D     205D        4     4000       0
                stringtext6                        2059     2059        4     4000       0
                stringtext5                        2055     2055        4     4000       0
                stringtext4                        2045     2045       10     4000       0
                stringtext3                        2035     2035       10     4000       0
                stringtext2                        2020     2020       15     4000       0
                nvBANK2                             15B      15B        6      120       1
                stringtext1                        2000     2000       20     4000       0

TOTAL           Name                               Link     Load   Length     Space
        CLASS   STACK          

        CLASS   CODE           
                end_init                              2        2        2         0
                cinit                               7ED      7ED       13         0
                reset_vec                             0        0        2         0
                text96                              88F      88F      238         0
                text95                             1DD6     1DD6       23         0
                text94                              AC7      AC7      257         0
                text93                             1406     1406       AC         0
                text92                             1AEF     1AEF        3         0
                text91                             1AF2     1AF2        3         0
                text90                             1AF5     1AF5        3         0
                text89                             1D17     1D17       1C         0
                text88                             1AF8     1AF8        3         0
                text87                             1AFB     1AFB        3         0
                text86                             1AFE     1AFE        3         0
                text85                             1BEE     1BEE       10         0
                text84                             1E6A     1E6A       2A         0
                text83                             1BBA     1BBA        D         0
                text82                             1BFE     1BFE       11         0
                text81                             1C0F     1C0F       11         0
                text80                             1C20     1C20       11         0
                text79                             1C31     1C31       11         0
                text78                             1C42     1C42       11         0
                text77                             1C9D     1C9D       18         0
                text76                             1C53     1C53       11         0
                text75                             1C64     1C64       11         0
                text74                             1C75     1C75       11         0
                text73                             1CB5     1CB5       18         0
                text72                             1AEB     1AEB        2         0
                text71                             1AED     1AED        2         0
                text70                             1B01     1B01        3         0
                text69                             1B07     1B07        4         0
                text68                             1B04     1B04        3         0
                text67                             1B0B     1B0B        4         0
                text66                             1B0F     1B0F        5         0
                text65                             1B46     1B46        6         0
                text64                                4        4        3         0
                text63                             1EEF     1EEF       2F         0
                text62                             1B14     1B14        5         0
                text61                             1B7F     1B7F        9         0
                text60                             1B77     1B77        8         0
                text59                             1122     1122       57         0
                text58                             103B     103B       46         0
                text57                             1B70     1B70        7         0
                text56                             1B19     1B19        5         0
                text55                             1B1E     1B1E        5         0
                text54                             1B23     1B23        5         0
                text53                             1B28     1B28        5         0
                text52                             1B2D     1B2D        5         0
                text51                             1B32     1B32        5         0
                text50                             1B37     1B37        5         0
                text49                             1B3C     1B3C        5         0
                text48                             1E94     1E94       2D         0
                text47                             1EC1     1EC1       2E         0
                text46                             1B4C     1B4C        6         0
                text45                             1BC7     1BC7        D         0
                text44                             1DF9     1DF9       23         0
                text43                             1B41     1B41        5         0
                text42                             1BD4     1BD4        D         0
                text41                             1F87     1F87       3A         0
                text40                             1BE1     1BE1        D         0
                text39                             1000     1000       3B         0
                text38                             1360     1360       A6         0
                text37                             1B52     1B52        6         0
                text36                             1B58     1B58        6         0
                text35                             1B5E     1B5E        6         0
                text34                             1DB4     1DB4       22         0
                text33                             1B88     1B88        9         0
                text32                             1B91     1B91        A         0
                text31                             1F4F     1F4F       38         0
                text30                             1B9B     1B9B        A         0
                text29                              800      800       10         0
                text28                             1D33     1D33       1F         0
                text27                             1CCD     1CCD       18         0
                text26                             1D72     1D72       21         0
                text25                             14B2     14B2       AF         0
                text24                             122A     122A       5F         0
                text23                             10CF     10CF       53         0
                text22                             164C     164C      1B4         0
                text21                             1081     1081       4E         0
                text20                                7        7       8B         0
                text19                             1BAF     1BAF        B         0
                text18                             1D52     1D52       20         0
                text17                             12EC     12EC       74         0
                text16                              810      810       7F         0
                text15                             1561     1561       EB         0
                text14                             1BA5     1BA5        A         0
                text13                             1B64     1B64        6         0
                text12                             1FC1     1FC1       3F         0
                text11                             1E41     1E41       29         0
                text10                             1CFD     1CFD       1A         0
                text9                              11D1     11D1       59         0
                text8                              1D93     1D93       21         0
                text7                              1CE5     1CE5       18         0
                text6                              1E1C     1E1C       25         0
                text5                                92       92      75B         0
                text4                              1179     1179       58         0
                text3                               D1E      D1E      2E2         0
                text2                              1F1E     1F1E       31         0
                text1                              1C86     1C86       17         0
                maintext                           1289     1289       63         0
                clrtext                            1B6A     1B6A        6         0

        CLASS   STRCODE        
                stringtext9                        2065     2065        3         0
                stringtext8                        2061     2061        4         0
                stringtext7                        205D     205D        4         0
                stringtext6                        2059     2059        4         0
                stringtext5                        2055     2055        4         0
                stringtext4                        2045     2045       10         0
                stringtext3                        2035     2035       10         0
                stringtext2                        2020     2020       15         0
                stringtext1                        2000     2000       20         0

        CLASS   STRING         

        CLASS   CONST          

        CLASS   ENTRY          

        CLASS   COMMON         
                cstackCOMMON                         70       70        E         1

        CLASS   BANK0          
                cstackBANK0                          20       20       50         1

        CLASS   BANK1          
                cstackBANK1                          A0       A0       50         1

        CLASS   BANK2          
                cstackBANK2                         14E      14E        D         1
                bssBANK2                            120      120       2E         1
                nvBANK2                             15B      15B        6         1

        CLASS   BANK3          
                bssBANK3                            1A0      1A0       50         1

        CLASS   BANK4          

        CLASS   BANK5          

        CLASS   BANK6          

        CLASS   BANK7          

        CLASS   BANK8          

        CLASS   BANK9          

        CLASS   BANK10         

        CLASS   BANK11         

        CLASS   BANK12         

        CLASS   BANK13         

        CLASS   BANK14         

        CLASS   BANK15         

        CLASS   BANK16         

        CLASS   BANK17         

        CLASS   BANK18         

        CLASS   BANK19         

        CLASS   BANK20         

        CLASS   BANK21         

        CLASS   BANK22         

        CLASS   BANK23         

        CLASS   BANK24         

        CLASS   BANK25         

        CLASS   BIGRAM         

        CLASS   RAM            

        CLASS   ABS1           
                abs_s1                               7E       7E        2         1

        CLASS   SFR0           

        CLASS   SFR1           

        CLASS   SFR2           

        CLASS   SFR3           

        CLASS   SFR4           

        CLASS   SFR5           

        CLASS   SFR6           

        CLASS   SFR7           

        CLASS   SFR8           

        CLASS   SFR9           

        CLASS   SFR10          

        CLASS   SFR11          

        CLASS   SFR12          

        CLASS   SFR13          

        CLASS   SFR14          

        CLASS   SFR15          

        CLASS   SFR16          

        CLASS   SFR17          

        CLASS   SFR18          

        CLASS   SFR19          

        CLASS   SFR20          

        CLASS   SFR21          

        CLASS   SFR22          

        CLASS   SFR23          

        CLASS   SFR24          

        CLASS   SFR25          

        CLASS   SFR26          

        CLASS   SFR27          

        CLASS   SFR28          

        CLASS   SFR29          

        CLASS   SFR30          

        CLASS   SFR31          

        CLASS   SFR32          

        CLASS   SFR33          

        CLASS   SFR34          

        CLASS   SFR35          

        CLASS   SFR36          

        CLASS   SFR37          

        CLASS   SFR38          

        CLASS   SFR39          

        CLASS   SFR40          

        CLASS   SFR41          

        CLASS   SFR42          

        CLASS   SFR43          

        CLASS   SFR44          

        CLASS   SFR45          

        CLASS   SFR46          

        CLASS   SFR47          

        CLASS   SFR48          

        CLASS   SFR49          

        CLASS   SFR50          

        CLASS   SFR51          

        CLASS   SFR52          

        CLASS   SFR53          

        CLASS   SFR54          

        CLASS   SFR55          

        CLASS   SFR56          

        CLASS   SFR57          

        CLASS   SFR58          

        CLASS   SFR59          

        CLASS   SFR60          

        CLASS   SFR61          

        CLASS   SFR62          

        CLASS   SFR63          

        CLASS   CONFIG         
                config                             8007     8007        5         4

        CLASS   IDLOC          

        CLASS   EEDATA         

        CLASS   BANK63         

        CLASS   BANK62         

        CLASS   BANK61         

        CLASS   BANK60         

        CLASS   BANK59         

        CLASS   BANK58         

        CLASS   BANK57         

        CLASS   BANK56         

        CLASS   BANK55         

        CLASS   BANK54         

        CLASS   BANK53         

        CLASS   BANK52         

        CLASS   BANK51         

        CLASS   BANK50         

        CLASS   BANK49         

        CLASS   BANK48         

        CLASS   BANK47         

        CLASS   BANK46         

        CLASS   BANK45         

        CLASS   BANK44         

        CLASS   BANK43         

        CLASS   BANK42         

        CLASS   BANK41         

        CLASS   BANK40         

        CLASS   BANK39         

        CLASS   BANK38         

        CLASS   BANK37         

        CLASS   BANK36         

        CLASS   BANK35         

        CLASS   BANK34         

        CLASS   BANK33         

        CLASS   BANK32         

        CLASS   BANK31         

        CLASS   BANK30         

        CLASS   BANK29         

        CLASS   BANK28         

        CLASS   BANK27         

        CLASS   BANK26         



SEGMENTS        Name                           Load    Length   Top    Selector   Space  Class     Delta

                reset_vec                      000000  000007  000007         0       0  CODE        2
                text20                         000007  00008B  000092         E       0  CODE        2
                cstackBANK0                    000020  000050  000070        20       1  BANK0       1
                cstackCOMMON                   000070  00000E  00007E        70       1  COMMON      1
                cstackBANK1                    0000A0  000050  0000F0        A0       1  BANK1       1
                bssBANK2                       000120  000041  000161       120       1  BANK2       1
                text5                          000092  00075B  0007ED       124       0  CODE        2
                bssBANK3                       0001A0  000050  0001F0       1A0       1  BANK3       1
                cinit                          0007ED  000023  000810       FDA       0  CODE        2
                text16                         000810  00007F  00088F      1020       0  CODE        2
                text96                         00088F  000238  000AC7      111E       0  CODE        2
                text94                         000AC7  000257  000D1E      158E       0  CODE        2
                text3                          000D1E  00031D  00103B      1A3C       0  CODE        2
                text58                         00103B  000046  001081      2076       0  CODE        2
                text21                         001081  00004E  0010CF      2102       0  CODE        2
                text23                         0010CF  000053  001122      219E       0  CODE        2
                text59                         001122  000057  001179      2244       0  CODE        2
                text4                          001179  000058  0011D1      22F2       0  CODE        2
                text9                          0011D1  000059  00122A      23A2       0  CODE        2
                text24                         00122A  00005F  001289      2454       0  CODE        2
                maintext                       001289  000063  0012EC      2512       0  CODE        2
                text17                         0012EC  000074  001360      25D8       0  CODE        2
                text38                         001360  0000A6  001406      26C0       0  CODE        2
                text93                         001406  0000AC  0014B2      280C       0  CODE        2
                text25                         0014B2  0000AF  001561      2964       0  CODE        2
                text15                         001561  0000EB  00164C      2AC2       0  CODE        2
                text22                         00164C  0001B4  001800      2C98       0  CODE        2
                text72                         001AEB  000002  001AED      35D6       0  CODE        2
                text71                         001AED  000002  001AEF      35DA       0  CODE        2
                text92                         001AEF  000003  001AF2      35DE       0  CODE        2
                text91                         001AF2  000003  001AF5      35E4       0  CODE        2
                text90                         001AF5  000003  001AF8      35EA       0  CODE        2
                text88                         001AF8  000003  001AFB      35F0       0  CODE        2
                text87                         001AFB  000003  001AFE      35F6       0  CODE        2
                text86                         001AFE  000003  001B01      35FC       0  CODE        2
                text70                         001B01  000003  001B04      3602       0  CODE        2
                text68                         001B04  000003  001B07      3608       0  CODE        2
                text69                         001B07  000004  001B0B      360E       0  CODE        2
                text67                         001B0B  000004  001B0F      3616       0  CODE        2
                text66                         001B0F  000005  001B14      361E       0  CODE        2
                text62                         001B14  000005  001B19      3628       0  CODE        2
                text56                         001B19  000005  001B1E      3632       0  CODE        2
                text55                         001B1E  000005  001B23      363C       0  CODE        2
                text54                         001B23  000005  001B28      3646       0  CODE        2
                text53                         001B28  000005  001B2D      3650       0  CODE        2
                text52                         001B2D  000005  001B32      365A       0  CODE        2
                text51                         001B32  000005  001B37      3664       0  CODE        2
                text50                         001B37  000005  001B3C      366E       0  CODE        2
                text49                         001B3C  000005  001B41      3678       0  CODE        2
                text43                         001B41  000005  001B46      3682       0  CODE        2
                text65                         001B46  000006  001B4C      368C       0  CODE        2
                text46                         001B4C  000006  001B52      3698       0  CODE        2
                text37                         001B52  000006  001B58      36A4       0  CODE        2
                text36                         001B58  000006  001B5E      36B0       0  CODE        2
                text35                         001B5E  000006  001B64      36BC       0  CODE        2
                text13                         001B64  000006  001B6A      36C8       0  CODE        2
                clrtext                        001B6A  000006  001B70      36D4       0  CODE        2
                text57                         001B70  000007  001B77      36E0       0  CODE        2
                text60                         001B77  000008  001B7F      36EE       0  CODE        2
                text61                         001B7F  000009  001B88      36FE       0  CODE        2
                text33                         001B88  000009  001B91      3710       0  CODE        2
                text32                         001B91  00000A  001B9B      3722       0  CODE        2
                text30                         001B9B  00000A  001BA5      3736       0  CODE        2
                text14                         001BA5  00000A  001BAF      374A       0  CODE        2
                text19                         001BAF  00000B  001BBA      375E       0  CODE        2
                text83                         001BBA  00000D  001BC7      3774       0  CODE        2
                text45                         001BC7  00000D  001BD4      378E       0  CODE        2
                text42                         001BD4  00000D  001BE1      37A8       0  CODE        2
                text40                         001BE1  00000D  001BEE      37C2       0  CODE        2
                text85                         001BEE  000010  001BFE      37DC       0  CODE        2
                text82                         001BFE  000011  001C0F      37FC       0  CODE        2
                text81                         001C0F  000011  001C20      381E       0  CODE        2
                text80                         001C20  000011  001C31      3840       0  CODE        2
                text79                         001C31  000011  001C42      3862       0  CODE        2
                text78                         001C42  000011  001C53      3884       0  CODE        2
                text76                         001C53  000011  001C64      38A6       0  CODE        2
                text75                         001C64  000011  001C75      38C8       0  CODE        2
                text74                         001C75  000011  001C86      38EA       0  CODE        2
                text1                          001C86  000017  001C9D      390C       0  CODE        2
                text77                         001C9D  000018  001CB5      393A       0  CODE        2
                text73                         001CB5  000018  001CCD      396A       0  CODE        2
                text27                         001CCD  000018  001CE5      399A       0  CODE        2
                text7                          001CE5  000018  001CFD      39CA       0  CODE        2
                text10                         001CFD  00001A  001D17      39FA       0  CODE        2
                text89                         001D17  00001C  001D33      3A2E       0  CODE        2
                text28                         001D33  00001F  001D52      3A66       0  CODE        2
                text18                         001D52  000020  001D72      3AA4       0  CODE        2
                text26                         001D72  000021  001D93      3AE4       0  CODE        2
                text8                          001D93  000021  001DB4      3B26       0  CODE        2
                text34                         001DB4  000022  001DD6      3B68       0  CODE        2
                text95                         001DD6  000023  001DF9      3BAC       0  CODE        2
                text44                         001DF9  000023  001E1C      3BF2       0  CODE        2
                text6                          001E1C  000025  001E41      3C38       0  CODE        2
                text11                         001E41  000029  001E6A      3C82       0  CODE        2
                text84                         001E6A  00002A  001E94      3CD4       0  CODE        2
                text48                         001E94  00002D  001EC1      3D28       0  CODE        2
                text47                         001EC1  00002E  001EEF      3D82       0  CODE        2
                text63                         001EEF  00002F  001F1E      3DDE       0  CODE        2
                text2                          001F1E  000031  001F4F      3E3C       0  CODE        2
                text31                         001F4F  000038  001F87      3E9E       0  CODE        2
                text41                         001F87  00003A  001FC1      3F0E       0  CODE        2
                text12                         001FC1  00003F  002000      3F82       0  CODE        2
                stringtext1                    002000  000068  002068      4000       0  STRCODE     2


UNUSED ADDRESS RANGES

        Name                Unused          Largest block    Delta
        BANK10           00520-0056F              50           1
        BANK11           005A0-005EF              50           1
        BANK12           00620-0066F              50           1
        BANK13           006A0-006EF              50           1
        BANK14           00720-0076F              50           1
        BANK15           007A0-007EF              50           1
        BANK16           00820-0086F              50           1
        BANK17           008A0-008EF              50           1
        BANK18           00920-0096F              50           1
        BANK19           009A0-009EF              50           1
        BANK2            00161-0016F               F           1
        BANK20           00A20-00A6F              50           1
        BANK21           00AA0-00AEF              50           1
        BANK22           00B20-00B6F              50           1
        BANK23           00BA0-00BEF              50           1
        BANK24           00C20-00C6F              50           1
        BANK25           00CA0-00CBF              20           1
        BANK4            00220-0026F              50           1
        BANK5            002A0-002EF              50           1
        BANK6            00320-0036F              50           1
        BANK7            003A0-003EF              50           1
        BANK8            00420-0046F              50           1
        BANK9            004A0-004EF              50           1
        BIGRAM           02000-027EF             7F0           1
        CODE             01800-01AEA             2EB           2
                         02068-03FFF             800
        CONST            01800-01AEA             100           2
                         02068-03FFF             100
        EEDATA           0F000-0F0FF             100           2
        ENTRY            01800-01AEA             100           2
                         02068-03FFF             100
        IDLOC            08000-08003               4           2
        RAM              00161-0016F               F           1
                         00220-0026F              50
                         002A0-002EF              50
                         00320-0036F              50
                         003A0-003EF              50
                         00420-0046F              50
                         004A0-004EF              50
                         00520-0056F              50
                         005A0-005EF              50
                         00620-0066F              50
                         006A0-006EF              50
                         00720-0076F              50
                         007A0-007EF              50
                         00820-0086F              50
                         008A0-008EF              50
                         00920-0096F              50
                         009A0-009EF              50
                         00A20-00A6F              50
                         00AA0-00AEF              50
                         00B20-00B6F              50
                         00BA0-00BEF              50
                         00C20-00C6F              50
                         00CA0-00CBF              20
        SFR0             00000-0001F              20           1
        SFR1             00080-0009F              20           1
        SFR10            00500-0051F              20           1
        SFR11            00580-0059F              20           1
        SFR12            00600-0061F              20           1
        SFR13            00680-0069F              20           1
        SFR14            00700-0071F              20           1
        SFR15            00780-0079F              20           1
        SFR16            00800-0081F              20           1
        SFR17            00880-0089F              20           1
        SFR18            00900-0091F              20           1
        SFR19            00980-0099F              20           1
        SFR2             00100-0011F              20           1
        SFR20            00A00-00A1F              20           1
        SFR21            00A80-00A9F              20           1
        SFR22            00B00-00B1F              20           1
        SFR23            00B80-00B9F              20           1
        SFR24            00C00-00C1F              20           1
        SFR25            00C80-00C9F              20           1
        SFR26            00D00-00D6F              70           1
        SFR27            00D80-00DEF              70           1
        SFR28            00E00-00E6F              70           1
        SFR29            00E80-00EEF              70           1
        SFR3             00180-0019F              20           1
        SFR30            00F00-00F6F              70           1
        SFR31            00F80-00FEF              70           1
        SFR32            01000-0106F              70           1
        SFR33            01080-010EF              70           1
        SFR34            01100-0116F              70           1
        SFR35            01180-011EF              70           1
        SFR36            01200-0126F              70           1
        SFR37            01280-012EF              70           1
        SFR38            01300-0136F              70           1
        SFR39            01380-013EF              70           1
        SFR4             00200-0021F              20           1
        SFR40            01400-0146F              70           1
        SFR41            01480-014EF              70           1
        SFR42            01500-0156F              70           1
        SFR43            01580-015EF              70           1
        SFR44            01600-0166F              70           1
        SFR45            01680-016EF              70           1
        SFR46            01700-0176F              70           1
        SFR47            01780-017EF              70           1
        SFR48            01800-0186F              70           1
        SFR49            01880-018EF              70           1
        SFR5             00280-0029F              20           1
        SFR50            01900-0196F              70           1
        SFR51            01980-019EF              70           1
        SFR52            01A00-01A6F              70           1
        SFR53            01A80-01AEF              70           1
        SFR54            01B00-01B6F              70           1
        SFR55            01B80-01BEF              70           1
        SFR56            01C00-01C6F              70           1
        SFR57            01C80-01CEF              70           1
        SFR58            01D00-01D6F              70           1
        SFR59            01D80-01DEF              70           1
        SFR6             00300-0031F              20           1
        SFR60            01E00-01E6F              70           1
        SFR61            01E80-01EEF              70           1
        SFR62            01F00-01F6F              70           1
        SFR63            01F80-01FEF              70           1
        SFR7             00380-0039F              20           1
        SFR8             00400-0041F              20           1
        SFR9             00480-0049F              20           1
        STACK            02140-027EF             6B0           1
        STRCODE          01800-01AEA             2EB           2
                         02068-03FFF            1F98
        STRING           01800-01AEA             100           2
                         02068-03FFF             100

                                  Symbol Table

?__Umul8_16                                                cstackCOMMON 00070
?___awdiv                                                  cstackCOMMON 00070
?___awmod                                                  cstackCOMMON 00070
?___fladd                                                  cstackBANK0  0003A
?___fldiv                                                  cstackCOMMON 00070
?___flmul                                                  cstackBANK0  00020
?___flneg                                                  cstackCOMMON 00070
?___flsub                                                  cstackBANK0  0004E
?___fltol                                                  cstackCOMMON 00070
?___fpclassifyf                                            cstackCOMMON 00070
?___wmul                                                   cstackCOMMON 00070
?___xxtofl                                                 cstackCOMMON 00070
?_atoi                                                     cstackCOMMON 00076
?_efgtoa                                                   cstackBANK0  00056
?_floorf                                                   cstackBANK0  0002D
?_isdigit                                                  cstackCOMMON 00070
?_isspace                                                  cstackCOMMON 00070
?_isupper                                                  cstackCOMMON 00070
?_pad                                                      cstackBANK0  00024
?_printf                                                   cstackBANK1  000E8
?_strlen                                                   cstackCOMMON 00070
?_strncmp                                                  cstackCOMMON 00070
?_tolower                                                  cstackCOMMON 00076
?_vfpfcnvrt                                                cstackBANK0  0005F
?_vfprintf                                                 cstackBANK0  00067
EUSART2_SetErrorHandler@interruptHandler                   cstackCOMMON 00070
EUSART2_SetFramingErrorHandler@interruptHandler            cstackCOMMON 00070
EUSART2_SetOverrunErrorHandler@interruptHandler            cstackCOMMON 00070
EUSART2_Write@txData                                       cstackCOMMON 00070
I2C1_CallbackReturnReset@funPtr                            cstackCOMMON 00079
I2C1_Close@returnValue                                     cstackCOMMON 00071
I2C1_MasterOperation@read                                  cstackBANK0  00023
I2C1_MasterOperation@returnValue                           cstackBANK0  00024
I2C1_MasterSendTxData@data                                 cstackCOMMON 00070
I2C1_Open@address                                          cstackCOMMON 00071
I2C1_Open@returnValue                                      cstackCOMMON 00072
I2C1_SetAddressNackCallback@cb                             cstackCOMMON 00075
I2C1_SetAddressNackCallback@ptr                            cstackCOMMON 00077
I2C1_SetBuffer@buffer                                      cstackCOMMON 00073
I2C1_SetBuffer@bufferSize                                  cstackCOMMON 00070
I2C1_SetCallback@cb                                        cstackCOMMON 00070
I2C1_SetCallback@idx                                       cstackCOMMON 00074
I2C1_SetCallback@ptr                                       cstackCOMMON 00072
I2C1_SetDataCompleteCallback@cb                            cstackCOMMON 00075
I2C1_SetDataCompleteCallback@ptr                           cstackCOMMON 00077
MiCSVZ89teReadSensorData@CO2                               cstackBANK0  00059
MiCSVZ89teReadSensorData@VOC                               cstackBANK0  0004E
MiCSVZ89teReadSensorData@data                              cstackBANK0  00052
MiCSVZ89teReadSensorData@data_available                    cstackBANK0  0004F
_ANSELA                                                    (abs)        01F38
_ANSELB                                                    (abs)        01F43
_ANSELC                                                    (abs)        01F4E
_BAUD2CON                                                  (abs)        00A1F
_EUSART2_DefaultErrorHandler                               (abs)        00000
_EUSART2_DefaultFramingErrorHandler                        (abs)        00000
_EUSART2_DefaultOverrunErrorHandler                        (abs)        00000
_EUSART2_ErrorHandler                                      nvBANK2      0015B
_EUSART2_FramingErrorHandler                               nvBANK2      0015F
_EUSART2_Initialize                                        text34       01DB4
_EUSART2_OverrunErrorHandler                               nvBANK2      0015D
_EUSART2_SetErrorHandler                                   text37       01B52
_EUSART2_SetFramingErrorHandler                            text36       01B58
_EUSART2_SetOverrunErrorHandler                            text35       01B5E
_EUSART2_Write                                             text14       01BA5
_I2C1_CallbackReturnReset                                  text71       01AED
_I2C1_CallbackReturnStop                                   text72       01AEB
_I2C1_Close                                                text89       01D17
_I2C1_DO_ADDRESS_NACK                                      text48       01E94
_I2C1_DO_IDLE                                              text62       01B14
_I2C1_DO_RCEN                                              text57       01B70
_I2C1_DO_RESET                                             text49       01B3C
_I2C1_DO_RX                                                text58       0103B
_I2C1_DO_RX_ACK                                            text52       01B2D
_I2C1_DO_RX_NACK_RESTART                                   text50       01B37
_I2C1_DO_RX_NACK_STOP                                      text51       01B32
_I2C1_DO_SEND_ADR_READ                                     text61       01B7F
_I2C1_DO_SEND_ADR_WRITE                                    text60       01B77
_I2C1_DO_SEND_RESTART                                      text54       01B23
_I2C1_DO_SEND_RESTART_READ                                 text56       01B19
_I2C1_DO_SEND_RESTART_WRITE                                text55       01B1E
_I2C1_DO_SEND_STOP                                         text53       01B28
_I2C1_DO_TX                                                text59       01122
_I2C1_DO_TX_EMPTY                                          text63       01EEF
_I2C1_Initialize                                           text33       01B88
_I2C1_MasterClearIrq                                       text92       01AEF
_I2C1_MasterClose                                          text91       01AF2
_I2C1_MasterDisableIrq                                     text90       01AF5
_I2C1_MasterEnableRestart                                  text87       01AFB
_I2C1_MasterFsm                                            text47       01EC1
_I2C1_MasterGetRxData                                      text68       01B04
_I2C1_MasterIsNack                                         text65       01B46
_I2C1_MasterOpen                                           text42       01BD4
_I2C1_MasterOperation                                      text44       01DF9
_I2C1_MasterSendAck                                        text67       01B0B
_I2C1_MasterSendNack                                       text69       01B07
_I2C1_MasterSendTxData                                     text66       01B0F
_I2C1_MasterSetIrq                                         text64       00004
_I2C1_MasterStart                                          text88       01AF8
_I2C1_MasterStartRx                                        text70       01B01
_I2C1_MasterStop                                           text86       01AFE
_I2C1_MasterWaitForEvent                                   text46       01B4C
_I2C1_MasterWrite                                          text43       01B41
_I2C1_Open                                                 text41       01F87
_I2C1_Poller                                               text45       01BC7
_I2C1_SetAddressNackCallback                               text40       01BE1
_I2C1_SetBuffer                                            text85       01BEE
_I2C1_SetCallback                                          text84       01E6A
_I2C1_SetDataCompleteCallback                              text83       01BBA
_I2C1_Status                                               bssBANK2     00120
_INLVLA                                                    (abs)        01F3C
_INLVLB                                                    (abs)        01F47
_INLVLC                                                    (abs)        01F52
_LATA                                                      (abs)        00018
_LATB                                                      (abs)        00019
_LATC                                                      (abs)        0001A
_LATE                                                      (abs)        0001C
_MiCSVZ89teReadSensorData                                  text38       01360
_ODCONA                                                    (abs)        01F3A
_ODCONB                                                    (abs)        01F45
_ODCONC                                                    (abs)        01F50
_ODCONE                                                    (abs)        01F66
_OSCCON1                                                   (abs)        0088D
_OSCCON3                                                   (abs)        0088F
_OSCEN                                                     (abs)        00891
_OSCFRQ                                                    (abs)        00893
_OSCILLATOR_Initialize                                     text32       01B91
_OSCSTAT                                                   (abs)        00890
_OSCTUNE                                                   (abs)        00892
_PIE3bits                                                  (abs)        00719
_PIN_MANAGER_Initialize                                    text31       01F4F
_PIR3bits                                                  (abs)        0070F
_PMD0                                                      (abs)        00796
_PMD1                                                      (abs)        00797
_PMD2                                                      (abs)        00798
_PMD3                                                      (abs)        00799
_PMD4                                                      (abs)        0079A
_PMD5                                                      (abs)        0079B
_PMD6                                                      (abs)        0079C
_PMD7                                                      (abs)        0079D
_PMD_Initialize                                            text30       01B9B
_RB1PPS                                                    (abs)        01F19
_RB2PPS                                                    (abs)        01F1A
_RC2REG                                                    (abs)        00A19
_RC2STA                                                    (abs)        00A1D
_RC2STAbits                                                (abs)        00A1D
_RC4PPS                                                    (abs)        01F24
_RX2DTPPS                                                  (abs)        01ECD
_SLRCONA                                                   (abs)        01F3B
_SLRCONB                                                   (abs)        01F46
_SLRCONC                                                   (abs)        01F51
_SP2BRGH                                                   (abs)        00A1C
_SP2BRGL                                                   (abs)        00A1B
_SSP1ADD                                                   (abs)        0018D
_SSP1BUF                                                   (abs)        0018C
_SSP1CLKPPS                                                (abs)        01EC5
_SSP1CON1                                                  (abs)        00190
_SSP1CON1bits                                              (abs)        00190
_SSP1CON2                                                  (abs)        00191
_SSP1CON2bits                                              (abs)        00191
_SSP1DATPPS                                                (abs)        01EC6
_SSP1STAT                                                  (abs)        0018F
_SSP1STATbits                                              (abs)        0018F
_SYSTEM_Initialize                                         text29       00800
_TRISA                                                     (abs)        00012
_TRISB                                                     (abs)        00013
_TRISC                                                     (abs)        00014
_TRISE                                                     (abs)        00016
_TX2REG                                                    (abs)        00A1A
_TX2STA                                                    (abs)        00A1E
_TX2STAbits                                                (abs)        00A1E
_WPUA                                                      (abs)        01F39
_WPUB                                                      (abs)        01F44
_WPUC                                                      (abs)        01F4F
_WPUE                                                      (abs)        01F65
__Habs1                                                    abs1         00000
__Hbank0                                                   bank0        00000
__Hbank1                                                   bank1        00000
__Hbank10                                                  bank10       00000
__Hbank11                                                  bank11       00000
__Hbank12                                                  bank12       00000
__Hbank13                                                  bank13       00000
__Hbank14                                                  bank14       00000
__Hbank15                                                  bank15       00000
__Hbank16                                                  bank16       00000
__Hbank17                                                  bank17       00000
__Hbank18                                                  bank18       00000
__Hbank19                                                  bank19       00000
__Hbank2                                                   bank2        00000
__Hbank20                                                  bank20       00000
__Hbank21                                                  bank21       00000
__Hbank22                                                  bank22       00000
__Hbank23                                                  bank23       00000
__Hbank24                                                  bank24       00000
__Hbank25                                                  bank25       00000
__Hbank26                                                  bank26       00000
__Hbank27                                                  bank27       00000
__Hbank28                                                  bank28       00000
__Hbank29                                                  bank29       00000
__Hbank3                                                   bank3        00000
__Hbank30                                                  bank30       00000
__Hbank31                                                  bank31       00000
__Hbank32                                                  bank32       00000
__Hbank33                                                  bank33       00000
__Hbank34                                                  bank34       00000
__Hbank35                                                  bank35       00000
__Hbank36                                                  bank36       00000
__Hbank37                                                  bank37       00000
__Hbank38                                                  bank38       00000
__Hbank39                                                  bank39       00000
__Hbank4                                                   bank4        00000
__Hbank40                                                  bank40       00000
__Hbank41                                                  bank41       00000
__Hbank42                                                  bank42       00000
__Hbank43                                                  bank43       00000
__Hbank44                                                  bank44       00000
__Hbank45                                                  bank45       00000
__Hbank46                                                  bank46       00000
__Hbank47                                                  bank47       00000
__Hbank48                                                  bank48       00000
__Hbank49                                                  bank49       00000
__Hbank5                                                   bank5        00000
__Hbank50                                                  bank50       00000
__Hbank51                                                  bank51       00000
__Hbank52                                                  bank52       00000
__Hbank53                                                  bank53       00000
__Hbank54                                                  bank54       00000
__Hbank55                                                  bank55       00000
__Hbank56                                                  bank56       00000
__Hbank57                                                  bank57       00000
__Hbank58                                                  bank58       00000
__Hbank59                                                  bank59       00000
__Hbank6                                                   bank6        00000
__Hbank60                                                  bank60       00000
__Hbank61                                                  bank61       00000
__Hbank62                                                  bank62       00000
__Hbank63                                                  bank63       00000
__Hbank7                                                   bank7        00000
__Hbank8                                                   bank8        00000
__Hbank9                                                   bank9        00000
__Hbigram                                                  bigram       00000
__HbssBANK2                                                bssBANK2     00000
__HbssBANK3                                                bssBANK3     00000
__Hcinit                                                   cinit        00800
__Hclrtext                                                 clrtext      00000
__Hcode                                                    code         00000
__Hcommon                                                  common       00000
__Hconfig                                                  config       0800C
__HcstackBANK0                                             cstackBANK0  00000
__HcstackBANK1                                             cstackBANK1  00000
__HcstackBANK2                                             cstackBANK2  00000
__HcstackCOMMON                                            cstackCOMMON 00000
__Heeprom_data                                             eeprom_data  00000
__Hend_init                                                end_init     00004
__Hfunctab                                                 functab      00000
__Hinit                                                    init         00002
__Hintentry                                                intentry     00002
__Hmaintext                                                maintext     00000
__HnvBANK2                                                 nvBANK2      00000
__Hpowerup                                                 powerup      00000
__Hram                                                     ram          00000
__Hreset_vec                                               reset_vec    00002
__Hsfr0                                                    sfr0         00000
__Hsfr1                                                    sfr1         00000
__Hsfr10                                                   sfr10        00000
__Hsfr11                                                   sfr11        00000
__Hsfr12                                                   sfr12        00000
__Hsfr13                                                   sfr13        00000
__Hsfr14                                                   sfr14        00000
__Hsfr15                                                   sfr15        00000
__Hsfr16                                                   sfr16        00000
__Hsfr17                                                   sfr17        00000
__Hsfr18                                                   sfr18        00000
__Hsfr19                                                   sfr19        00000
__Hsfr2                                                    sfr2         00000
__Hsfr20                                                   sfr20        00000
__Hsfr21                                                   sfr21        00000
__Hsfr22                                                   sfr22        00000
__Hsfr23                                                   sfr23        00000
__Hsfr24                                                   sfr24        00000
__Hsfr25                                                   sfr25        00000
__Hsfr26                                                   sfr26        00000
__Hsfr27                                                   sfr27        00000
__Hsfr28                                                   sfr28        00000
__Hsfr29                                                   sfr29        00000
__Hsfr3                                                    sfr3         00000
__Hsfr30                                                   sfr30        00000
__Hsfr31                                                   sfr31        00000
__Hsfr32                                                   sfr32        00000
__Hsfr33                                                   sfr33        00000
__Hsfr34                                                   sfr34        00000
__Hsfr35                                                   sfr35        00000
__Hsfr36                                                   sfr36        00000
__Hsfr37                                                   sfr37        00000
__Hsfr38                                                   sfr38        00000
__Hsfr39                                                   sfr39        00000
__Hsfr4                                                    sfr4         00000
__Hsfr40                                                   sfr40        00000
__Hsfr41                                                   sfr41        00000
__Hsfr42                                                   sfr42        00000
__Hsfr43                                                   sfr43        00000
__Hsfr44                                                   sfr44        00000
__Hsfr45                                                   sfr45        00000
__Hsfr46                                                   sfr46        00000
__Hsfr47                                                   sfr47        00000
__Hsfr48                                                   sfr48        00000
__Hsfr49                                                   sfr49        00000
__Hsfr5                                                    sfr5         00000
__Hsfr50                                                   sfr50        00000
__Hsfr51                                                   sfr51        00000
__Hsfr52                                                   sfr52        00000
__Hsfr53                                                   sfr53        00000
__Hsfr54                                                   sfr54        00000
__Hsfr55                                                   sfr55        00000
__Hsfr56                                                   sfr56        00000
__Hsfr57                                                   sfr57        00000
__Hsfr58                                                   sfr58        00000
__Hsfr59                                                   sfr59        00000
__Hsfr6                                                    sfr6         00000
__Hsfr60                                                   sfr60        00000
__Hsfr61                                                   sfr61        00000
__Hsfr62                                                   sfr62        00000
__Hsfr63                                                   sfr63        00000
__Hsfr7                                                    sfr7         00000
__Hsfr8                                                    sfr8         00000
__Hsfr9                                                    sfr9         00000
__Hspace_0                                                 (abs)        02068
__Hspace_1                                                 (abs)        001F0
__Hspace_2                                                 (abs)        00000
__Hspace_3                                                 (abs)        00000
__Hspace_4                                                 (abs)        10013
__Hstack                                                   stack        00000
__Hstrings                                                 strings      00000
__Hstringtext1                                             stringtext1  00000
__Hstringtext10                                            stringtext10 00000
__Hstringtext2                                             stringtext2  00000
__Hstringtext3                                             stringtext3  00000
__Hstringtext4                                             stringtext4  00000
__Hstringtext5                                             stringtext5  00000
__Hstringtext6                                             stringtext6  00000
__Hstringtext7                                             stringtext7  00000
__Hstringtext8                                             stringtext8  00000
__Hstringtext9                                             stringtext9  00000
__Htext                                                    text         00000
__Labs1                                                    abs1         00000
__Lbank0                                                   bank0        00000
__Lbank1                                                   bank1        00000
__Lbank10                                                  bank10       00000
__Lbank11                                                  bank11       00000
__Lbank12                                                  bank12       00000
__Lbank13                                                  bank13       00000
__Lbank14                                                  bank14       00000
__Lbank15                                                  bank15       00000
__Lbank16                                                  bank16       00000
__Lbank17                                                  bank17       00000
__Lbank18                                                  bank18       00000
__Lbank19                                                  bank19       00000
__Lbank2                                                   bank2        00000
__Lbank20                                                  bank20       00000
__Lbank21                                                  bank21       00000
__Lbank22                                                  bank22       00000
__Lbank23                                                  bank23       00000
__Lbank24                                                  bank24       00000
__Lbank25                                                  bank25       00000
__Lbank26                                                  bank26       00000
__Lbank27                                                  bank27       00000
__Lbank28                                                  bank28       00000
__Lbank29                                                  bank29       00000
__Lbank3                                                   bank3        00000
__Lbank30                                                  bank30       00000
__Lbank31                                                  bank31       00000
__Lbank32                                                  bank32       00000
__Lbank33                                                  bank33       00000
__Lbank34                                                  bank34       00000
__Lbank35                                                  bank35       00000
__Lbank36                                                  bank36       00000
__Lbank37                                                  bank37       00000
__Lbank38                                                  bank38       00000
__Lbank39                                                  bank39       00000
__Lbank4                                                   bank4        00000
__Lbank40                                                  bank40       00000
__Lbank41                                                  bank41       00000
__Lbank42                                                  bank42       00000
__Lbank43                                                  bank43       00000
__Lbank44                                                  bank44       00000
__Lbank45                                                  bank45       00000
__Lbank46                                                  bank46       00000
__Lbank47                                                  bank47       00000
__Lbank48                                                  bank48       00000
__Lbank49                                                  bank49       00000
__Lbank5                                                   bank5        00000
__Lbank50                                                  bank50       00000
__Lbank51                                                  bank51       00000
__Lbank52                                                  bank52       00000
[...]
      Locals:         0       0       0       0       0       0       0       0       0       0       0       0       0       0       0       0       0       0       0       0       0       0       0       0       0       0       0
      Temps:          0       0       0       0       0       0       0       0       0       0       0       0       0       0       0       0       0       0       0       0       0       0       0       0       0       0       0
      Totals:         0       0       0       0       0       0       0       0       0       0       0       0       0       0       0       0       0       0       0       0       0       0       0       0       0       0       0
Total ram usage:        0 bytes
 Hardware stack levels used:    1
 This function calls:
		Nothing
 This function is called by:
		_I2C1_Open
		_I2C1_Close
		_I2C1_MasterFsm
 This function uses a non-reentrant model


 *************** function ___xxtofl *****************
 Defined at:
		line 10 in file "C:\Program Files\Microchip\xc8\v2.31\pic\sources\c99\common\xxtofl.c"
 Parameters:    Size  Location     Type
  sign            1    wreg     unsigned char 
  val             4    0[COMMON] long 
 Auto vars:     Size  Location     Type
  sign            1    8[COMMON] unsigned char 
  arg             4   10[COMMON] unsigned long 
  exp             1    9[COMMON] unsigned char 
 Return value:  Size  Location     Type
                  4    0[COMMON] unsigned char 
 Registers used:
		wreg, status,2, status,0
 Tracked objects:
		On entry : 
		On exit  : 
		Unchanged: 
 Data sizes:     COMMON   BANK0   BANK1   BANK2   BANK3   BANK4   BANK5   BANK6   BANK7   BANK8   BANK9  BANK10  BANK11  BANK12  BANK13  BANK14  BANK15  BANK16  BANK17  BANK18  BANK19  BANK20  BANK21  BANK22  BANK23  BANK24  BANK25
      Params:         4       0       0       0       0       0       0       0       0       0       0       0       0       0       0       0       0       0       0       0       0       0       0       0       0       0       0
      Locals:         6       0       0       0       0       0       0       0       0       0       0       0       0       0       0       0       0       0       0       0       0       0       0       0       0       0       0
      Temps:          4       0       0       0       0       0       0       0       0       0       0       0       0       0       0       0       0       0       0       0       0       0       0       0       0       0       0
      Totals:        14       0       0       0       0       0       0       0       0       0       0       0       0       0       0       0       0       0       0       0       0       0       0       0       0       0       0
Total ram usage:       14 bytes
 Hardware stack levels used:    1
 This function calls:
		Nothing
 This function is called by:
		_MiCSVZ89teReadSensorData
 This function uses a non-reentrant model


 *************** function ___flmul *****************
 Defined at:
		line 8 in file "C:\Program Files\Microchip\xc8\v2.31\pic\sources\c99\common\sprcmul.c"
 Parameters:    Size  Location     Type
  b               4    0[BANK0 ] unsigned char 
  a               4    4[BANK0 ] unsigned char 
 Auto vars:     Size  Location     Type
  prod            4   20[BANK0 ] struct .
  grs             4   14[BANK0 ] unsigned long 
  temp            2   24[BANK0 ] struct .
  bexp            1   19[BANK0 ] unsigned char 
  aexp            1   18[BANK0 ] unsigned char 
  sign            1   13[BANK0 ] unsigned char 
 Return value:  Size  Location     Type
                  4    0[BANK0 ] unsigned char 
 Registers used:
		wreg, status,2, status,0, pclath, cstack
 Tracked objects:
		On entry : 
		On exit  : 
		Unchanged: 
 Data sizes:     COMMON   BANK0   BANK1   BANK2   BANK3   BANK4   BANK5   BANK6   BANK7   BANK8   BANK9  BANK10  BANK11  BANK12  BANK13  BANK14  BANK15  BANK16  BANK17  BANK18  BANK19  BANK20  BANK21  BANK22  BANK23  BANK24  BANK25
      Params:         0       8       0       0       0       0       0       0       0       0       0       0       0       0       0       0       0       0       0       0       0       0       0       0       0       0       0
      Locals:         0      13       0       0       0       0       0       0       0       0       0       0       0       0       0       0       0       0       0       0       0       0       0       0       0       0       0
      Temps:          0       5       0       0       0       0       0       0       0       0       0       0       0       0       0       0       0       0       0       0       0       0       0       0       0       0       0
      Totals:         0      26       0       0       0       0       0       0       0       0       0       0       0       0       0       0       0       0       0       0       0       0       0       0       0       0       0
Total ram usage:       26 bytes
 Hardware stack levels used:    1
 Hardware stack levels required when called:    1
 This function calls:
		__Umul8_16
 This function is called by:
		_MiCSVZ89teReadSensorData
		_efgtoa
 This function uses a non-reentrant model


 *************** function __Umul8_16 *****************
 Defined at:
		line 4 in file "C:\Program Files\Microchip\xc8\v2.31\pic\sources\c99\common\Umul8_16.c"
 Parameters:    Size  Location     Type
  multiplier      1    wreg     unsigned char 
  multiplicand    1    0[COMMON] unsigned char 
 Auto vars:     Size  Location     Type
  multiplier      1    8[COMMON] unsigned char 
  word_mpld       2    6[COMMON] unsigned int 
  product         2    4[COMMON] unsigned int 
 Return value:  Size  Location     Type
                  2    0[COMMON] unsigned int 
 Registers used:
		wreg, status,2, status,0
 Tracked objects:
		On entry : 
		On exit  : 
		Unchanged: 
 Data sizes:     COMMON   BANK0   BANK1   BANK2   BANK3   BANK4   BANK5   BANK6   BANK7   BANK8   BANK9  BANK10  BANK11  BANK12  BANK13  BANK14  BANK15  BANK16  BANK17  BANK18  BANK19  BANK20  BANK21  BANK22  BANK23  BANK24  BANK25
      Params:         2       0       0       0       0       0       0       0       0       0       0       0       0       0       0       0       0       0       0       0       0       0       0       0       0       0       0
      Locals:         5       0       0       0       0       0       0       0       0       0       0       0       0       0       0       0       0       0       0       0       0       0       0       0       0       0       0
      Temps:          2       0       0       0       0       0       0       0       0       0       0       0       0       0       0       0       0       0       0       0       0       0       0       0       0       0       0
      Totals:         9       0       0       0       0       0       0       0       0       0       0       0       0       0       0       0       0       0       0       0       0       0       0       0       0       0       0
Total ram usage:        9 bytes
 Hardware stack levels used:    1
 This function calls:
		Nothing
 This function is called by:
		___flmul
 This function uses a non-reentrant model


 *************** function ___fladd *****************
 Defined at:
		line 10 in file "C:\Program Files\Microchip\xc8\v2.31\pic\sources\c99\common\sprcadd.c"
 Parameters:    Size  Location     Type
  b               4   26[BANK0 ] unsigned int 
  a               4   30[BANK0 ] unsigned int 
 Auto vars:     Size  Location     Type
  grs             1   45[BANK0 ] unsigned char 
  bexp            1   44[BANK0 ] unsigned char 
  aexp            1   43[BANK0 ] unsigned char 
  signs           1   42[BANK0 ] unsigned char 
 Return value:  Size  Location     Type
                  4   26[BANK0 ] unsigned char 
 Registers used:
		wreg, status,2, status,0
 Tracked objects:
		On entry : 
		On exit  : 
		Unchanged: 
 Data sizes:     COMMON   BANK0   BANK1   BANK2   BANK3   BANK4   BANK5   BANK6   BANK7   BANK8   BANK9  BANK10  BANK11  BANK12  BANK13  BANK14  BANK15  BANK16  BANK17  BANK18  BANK19  BANK20  BANK21  BANK22  BANK23  BANK24  BANK25
      Params:         0       8       0       0       0       0       0       0       0       0       0       0       0       0       0       0       0       0       0       0       0       0       0       0       0       0       0
      Locals:         0       4       0       0       0       0       0       0       0       0       0       0       0       0       0       0       0       0       0       0       0       0       0       0       0       0       0
      Temps:          0       8       0       0       0       0       0       0       0       0       0       0       0       0       0       0       0       0       0       0       0       0       0       0       0       0       0
      Totals:         0      20       0       0       0       0       0       0       0       0       0       0       0       0       0       0       0       0       0       0       0       0       0       0       0       0       0
Total ram usage:       20 bytes
 Hardware stack levels used:    1
 This function calls:
		Nothing
 This function is called by:
		_MiCSVZ89teReadSensorData
		___flsub
		_efgtoa
 This function uses a non-reentrant model



MODULE INFORMATION

Module		Function		Class		Link	Load	Size
mcc_generated_files/examples/i2c1_master_example.c
		_rdBlkRegCompleteHandler@i2c1_master_example$F177		CODE           	1CB5	0000	24
		_rd1RegCompleteHandler@i2c1_master_example$F143		CODE           	1C53	0000	17
		_rd2RegCompleteHandler@i2c1_master_example$F154		CODE           	1C64	0000	17
		_wr1RegCompleteHandler@i2c1_master_example$F160		CODE           	1C75	0000	17
		_wr2RegCompleteHandler@i2c1_master_example$F166		CODE           	1BFE	0000	17

mcc_generated_files/examples/i2c1_master_example.c estimated size: 92

C:\Program Files\Microchip\xc8\v2.31\pic\sources\c99\common\isdigit.c
		_isdigit       		CODE           	1CCD	0000	24

C:\Program Files\Microchip\xc8\v2.31\pic\sources\c99\common\isdigit.c estimated size: 24

C:\Program Files\Microchip\xc8\v2.31\pic\sources\c99\common\sprcadd.c
		___flsub       		CODE           	1D52	0000	32
		___fladd       		CODE           	088F	0000	568

C:\Program Files\Microchip\xc8\v2.31\pic\sources\c99\common\sprcadd.c estimated size: 600

mcc_generated_files/eusart2.c
		_putch         		CODE           	1B64	0000	6
		_EUSART2_SetOverrunErrorHandler		CODE           	1B5E	0000	6
		_EUSART2_SetErrorHandler		CODE           	1B52	0000	6
		_EUSART2_Write 		CODE           	1BA5	0000	10
		_EUSART2_Initialize		CODE           	1DB4	0000	34
		_EUSART2_SetFramingErrorHandler		CODE           	1B58	0000	6

mcc_generated_files/eusart2.c estimated size: 68

C:\Program Files\Microchip\xc8\v2.31\pic\sources\c99\common\flneg.c
		___flneg       		CODE           	1BAF	0000	11

C:\Program Files\Microchip\xc8\v2.31\pic\sources\c99\common\flneg.c estimated size: 11

mcc_generated_files/i2c1_master.c
		_I2C1_DO_SEND_RESTART		CODE           	1B23	0000	5
		_I2C1_DO_TX_EMPTY		CODE           	1EEF	0000	47
		_I2C1_DO_SEND_RESTART_READ		CODE           	1B19	0000	5
		_I2C1_CallbackReturnStop		CODE           	1AEB	0000	2
		_I2C1_DO_RX    		CODE           	103B	0000	70
		_I2C1_DO_TX    		CODE           	1122	0000	87
		_I2C1_SetAddressNackCallback		CODE           	1BE1	0000	13
		_I2C1_DO_IDLE  		CODE           	1B14	0000	5
		_I2C1_MasterOpen		CODE           	1BD4	0000	13
		_I2C1_DO_RCEN  		CODE           	1B70	0000	7
		_I2C1_MasterSendTxData		CODE           	1B0F	0000	5
		_I2C1_MasterStop		CODE           	1AFE	0000	3
		_I2C1_CallbackReturnReset		CODE           	1AED	0000	2
		_I2C1_DO_RESET 		CODE           	1B3C	0000	5
		_I2C1_MasterStartRx		CODE           	1B01	0000	3
		_I2C1_Poller   		CODE           	1BC7	0000	13
		_I2C1_DO_RX_ACK		CODE           	1B2D	0000	5
		_I2C1_MasterWaitForEvent		CODE           	1B4C	0000	6
		_I2C1_MasterSendNack		CODE           	1B07	0000	4
		_I2C1_DO_RX_NACK_RESTART		CODE           	1B37	0000	5
		_I2C1_MasterDisableIrq		CODE           	1AF5	0000	3
		_I2C1_MasterOperation		CODE           	1DF9	0000	35
		_I2C1_SetCallback		CODE           	1E6A	0000	42
		_I2C1_MasterEnableRestart		CODE           	1AFB	0000	3
		_I2C1_Open     		CODE           	1F87	0000	58
		_I2C1_DO_ADDRESS_NACK		CODE           	1E94	0000	45
		_I2C1_SetBuffer		CODE           	1BEE	0000	16
		_I2C1_DO_SEND_RESTART_WRITE		CODE           	1B1E	0000	5
		_I2C1_MasterClose		CODE           	1AF2	0000	3
		_I2C1_MasterWrite		CODE           	1B41	0000	5
		_I2C1_Initialize		CODE           	1B88	0000	9
		_I2C1_Close    		CODE           	1D17	0000	28
		_I2C1_MasterIsNack		CODE           	1B46	0000	6
		_I2C1_MasterStart		CODE           	1AF8	0000	3
		_I2C1_DO_SEND_ADR_WRITE		CODE           	1B77	0000	8
		_I2C1_MasterClearIrq		CODE           	1AEF	0000	3
		_I2C1_SetDataCompleteCallback		CODE           	1BBA	0000	13
		_I2C1_DO_SEND_STOP		CODE           	1B28	0000	5
		_I2C1_MasterSendAck		CODE           	1B0B	0000	4
		_I2C1_MasterFsm		CODE           	1EC1	0000	46
		_I2C1_MasterGetRxData		CODE           	1B04	0000	3
		_I2C1_MasterSetIrq		CODE           	0004	0000	3
		_I2C1_DO_SEND_ADR_READ		CODE           	1B7F	0000	9
		_I2C1_DO_RX_NACK_STOP		CODE           	1B32	0000	5

mcc_generated_files/i2c1_master.c estimated size: 665

C:\Program Files\Microchip\xc8\v2.31\pic\sources\c99\common\nf_fputs.c
		_fputs         		CODE           	1E41	0000	41

C:\Program Files\Microchip\xc8\v2.31\pic\sources\c99\common\nf_fputs.c estimated size: 41

C:\Program Files\Microchip\xc8\v2.31\pic\sources\c99\common\xxtofl.c
		___xxtofl      		CODE           	1406	0000	172

C:\Program Files\Microchip\xc8\v2.31\pic\sources\c99\common\xxtofl.c estimated size: 172

C:\Program Files\Microchip\xc8\v2.31\pic\sources\c99\common\printf.c
		_printf        		CODE           	1C86	0000	23

C:\Program Files\Microchip\xc8\v2.31\pic\sources\c99\common\printf.c estimated size: 23

C:\Program Files\Microchip\xc8\v2.31\pic\sources\c99\common\atoi.c
		_atoi          		CODE           	14B2	0000	175

C:\Program Files\Microchip\xc8\v2.31\pic\sources\c99\common\atoi.c estimated size: 175

C:\Program Files\Microchip\xc8\v2.31\pic\sources\c99\common\fleq.c
		___fleq        		CODE           	1081	0000	78

C:\Program Files\Microchip\xc8\v2.31\pic\sources\c99\common\fleq.c estimated size: 78

C:\Program Files\Microchip\xc8\v2.31\pic\sources\c99\common\strlen.c
		_strlen        		CODE           	1CFD	0000	26

C:\Program Files\Microchip\xc8\v2.31\pic\sources\c99\common\strlen.c estimated size: 26

C:\Program Files\Microchip\xc8\v2.31\pic\sources\c99\common\floorf.c
		_floorf        		CODE           	1561	0000	235

C:\Program Files\Microchip\xc8\v2.31\pic\sources\c99\common\floorf.c estimated size: 235

mcc_generated_files/pin_manager.c
		_PIN_MANAGER_Initialize		CODE           	1F4F	0000	56

mcc_generated_files/pin_manager.c estimated size: 56

C:\Program Files\Microchip\xc8\v2.31\pic\sources\c99\common\strcpy.c
		_strcpy        		CODE           	1D93	0000	33

C:\Program Files\Microchip\xc8\v2.31\pic\sources\c99\common\strcpy.c estimated size: 33

MiCSVZ89TE_sensor.c
		_MiCSVZ89teReadSensorData		CODE           	1360	0000	166

MiCSVZ89TE_sensor.c estimated size: 166

C:\Program Files\Microchip\xc8\v2.31\pic\sources\c99\common\awmod.c
		___awmod       		CODE           	10CF	0000	83

C:\Program Files\Microchip\xc8\v2.31\pic\sources\c99\common\awmod.c estimated size: 83

mcc_generated_files/drivers/i2c_simple_master.c
		_i2c_readDataBlock		CODE           	1000	0000	59
		_wr1RegCompleteHandler		CODE           	1C0F	0000	17
		_wr2RegCompleteHandler		CODE           	1C42	0000	17
		_rdBlkRegCompleteHandler		CODE           	1C9D	0000	24
		_rd1RegCompleteHandler		CODE           	1C20	0000	17
		_rd2RegCompleteHandler		CODE           	1C31	0000	17

mcc_generated_files/drivers/i2c_simple_master.c estimated size: 151

C:\Program Files\Microchip\xc8\v2.31\pic\sources\c99\common\Umul8_16.c
		__Umul8_16     		CODE           	1DD6	0000	35

C:\Program Files\Microchip\xc8\v2.31\pic\sources\c99\common\Umul8_16.c estimated size: 35

C:\Program Files\Microchip\xc8\v2.31\pic\sources\c99\common\isupper.c
		_isupper       		CODE           	1CE5	0000	24

C:\Program Files\Microchip\xc8\v2.31\pic\sources\c99\common\isupper.c estimated size: 24

C:\Program Files\Microchip\xc8\v2.31\pic\sources\c99\common\nf_fputc.c
		_fputc         		CODE           	1FC1	0000	63

C:\Program Files\Microchip\xc8\v2.31\pic\sources\c99\common\nf_fputc.c estimated size: 63

shared
		__initialization		CODE           	07ED	0000	16
		_i2c1_fsmStateTable		STRCODE        	2000	0000	32

shared estimated size: 48

mcc_generated_files/mcc.c
		_PMD_Initialize		CODE           	1B9B	0000	10
		_OSCILLATOR_Initialize		CODE           	1B91	0000	10
		_SYSTEM_Initialize		CODE           	0800	0000	16

mcc_generated_files/mcc.c estimated size: 36

C:\Program Files\Microchip\xc8\v2.31\pic\sources\c99\common\tolower.c
		_tolower       		CODE           	1E1C	0000	37

C:\Program Files\Microchip\xc8\v2.31\pic\sources\c99\common\tolower.c estimated size: 37

C:\Program Files\Microchip\xc8\v2.31\pic\sources\c99\common\sprcmul.c
		___flmul       		CODE           	0AC7	0000	599

C:\Program Files\Microchip\xc8\v2.31\pic\sources\c99\common\sprcmul.c estimated size: 599

C:\Program Files\Microchip\xc8\v2.31\pic\sources\c99\common\awdiv.c
		___awdiv       		CODE           	122A	0000	95

C:\Program Files\Microchip\xc8\v2.31\pic\sources\c99\common\awdiv.c estimated size: 95

C:\Program Files\Microchip\xc8\v2.31\pic\sources\c99\common\doprnt.c
		_vfpfcnvrt     		CODE           	0D1E	0000	738
		_efgtoa        		CODE           	0092	0000	1883
		_pad           		CODE           	11D1	0000	89
		_vfprintf      		CODE           	1F1E	0000	49

C:\Program Files\Microchip\xc8\v2.31\pic\sources\c99\common\doprnt.c estimated size: 2759

C:\Program Files\Microchip\xc8\v2.31\pic\sources\c99\common\sprcdiv.c
		___fldiv       		CODE           	164C	0000	436

C:\Program Files\Microchip\xc8\v2.31\pic\sources\c99\common\sprcdiv.c estimated size: 436

C:\Program Files\Microchip\xc8\v2.31\pic\sources\c99\common\fltol.c
		___fltol       		CODE           	12EC	0000	116

C:\Program Files\Microchip\xc8\v2.31\pic\sources\c99\common\fltol.c estimated size: 116

C:\Program Files\Microchip\xc8\v2.31\pic\sources\c99\common\__fpclassifyf.c
		___fpclassifyf 		CODE           	0810	0000	127

C:\Program Files\Microchip\xc8\v2.31\pic\sources\c99\common\__fpclassifyf.c estimated size: 127

C:\Program Files\Microchip\xc8\v2.31\pic\sources\c99\common\flge.c
		___flge        		CODE           	0007	0000	139

C:\Program Files\Microchip\xc8\v2.31\pic\sources\c99\common\flge.c estimated size: 139

C:\Program Files\Microchip\xc8\v2.31\pic\sources\c99\common\isspace.c
		_isspace       		CODE           	1D72	0000	33

C:\Program Files\Microchip\xc8\v2.31\pic\sources\c99\common\isspace.c estimated size: 33

C:\Program Files\Microchip\xc8\v2.31\pic\sources\c99\common\Umul16.c
		___wmul        		CODE           	1D33	0000	31

C:\Program Files\Microchip\xc8\v2.31\pic\sources\c99\common\Umul16.c estimated size: 31

main.c
		_main          		CODE           	1289	0000	99

main.c estimated size: 99

C:\Program Files\Microchip\xc8\v2.31\pic\sources\c99\common\strncmp.c
		_strncmp       		CODE           	1179	0000	88

C:\Program Files\Microchip\xc8\v2.31\pic\sources\c99\common\strncmp.c estimated size: 88

